BL51 BANKED LINKER/LOCATER V6.00                                                        02/11/2012  23:28:46  PAGE 1


BL51 BANKED LINKER/LOCATER V6.00, INVOKED BY:
C:\PROGRAM FILES\KEIL\C51\BIN\BL51.EXE test.obj TO 2012-2-8 RAMSIZE (256)


MEMORY MODEL: SMALL


INPUT MODULES INCLUDED:
  test.obj (TEST)
  C:\PROGRAM FILES\KEIL\C51\LIB\C51S.LIB (?C_STARTUP)
  C:\PROGRAM FILES\KEIL\C51\LIB\C51S.LIB (?C?SLCMP)


LINK MAP OF MODULE:  2012-2-8 (TEST)


            TYPE    BASE      LENGTH    RELOCATION   SEGMENT NAME
            -----------------------------------------------------

            * * * * * * *   D A T A   M E M O R Y   * * * * * * *
            REG     0000H     0008H     ABSOLUTE     "REG BANK 0"
            DATA    0008H     0005H     UNIT         _DATA_GROUP_
            IDATA   000DH     0001H     UNIT         ?STACK

            * * * * * * *   C O D E   M E M O R Y   * * * * * * *
            CODE    0000H     0003H     ABSOLUTE     
            CODE    0003H     0072H     UNIT         ?PR?MAIN?TEST
            CODE    0075H     0037H     UNIT         ?PR?_SEND_BIT?TEST
            CODE    00ACH     001BH     UNIT         ?CO?TEST
            CODE    00C7H     0016H     UNIT         ?C?LIB_CODE
            CODE    00DDH     000CH     UNIT         ?C_C51STARTUP



OVERLAY MAP OF MODULE:   2012-2-8 (TEST)


SEGMENT                          DATA_GROUP 
  +--> CALLED SEGMENT          START    LENGTH
----------------------------------------------
?C_C51STARTUP                  -----    -----
  +--> ?PR?MAIN?TEST

?PR?MAIN?TEST                  0008H    0005H
  +--> ?CO?TEST
  +--> ?PR?_SEND_BIT?TEST



SYMBOL TABLE OF MODULE:  2012-2-8 (TEST)

  VALUE           TYPE          NAME
  ----------------------------------

  -------         MODULE        TEST
  C:0000H         SYMBOL        _ICE_DUMMY_
  D:0090H         PUBLIC        P1
  D:00A0H         PUBLIC        P2
BL51 BANKED LINKER/LOCATER V6.00                                                      02/11/2012  23:28:46  PAGE 2


  D:00B0H         PUBLIC        P3
  D:00A8H         PUBLIC        IE
  D:00B8H         PUBLIC        IP
  B:00A0H.0       PUBLIC        MOSIO_clk
  C:00B2H         PUBLIC        LED_CODES
  C:0003H         PUBLIC        main
  B:00A0H.1       PUBLIC        MOSIO_bit
  D:0098H         PUBLIC        SCON
  D:0088H         PUBLIC        TCON
  B:00A0H.2       PUBLIC        SH_clk
  B:00A0H.3       PUBLIC        SH_bit
  B:00A0H.4       PUBLIC        ST_clk
  B:00A0H.5       PUBLIC        ST_bit
  C:0075H         PUBLIC        _send_bit
  C:00ACH         PUBLIC        Select
  D:00C8H         PUBLIC        T2CON
  D:00D0H         PUBLIC        PSW
  -------         PROC          _SEND_BIT
  D:0007H         SYMBOL        dat
  D:0005H         SYMBOL        bits
  -------         DO            
  D:0006H         SYMBOL        i
  -------         ENDDO         
  C:0075H         LINE#         21
  C:0075H         LINE#         25
  C:0077H         LINE#         26
  C:0077H         LINE#         28
  C:007BH         LINE#         29
  C:007BH         LINE#         30
  C:007DH         LINE#         32
  C:007FH         LINE#         33
  C:0081H         LINE#         35
  C:0081H         LINE#         36
  C:0085H         LINE#         37
  C:0085H         LINE#         38
  C:0087H         LINE#         39
  C:0089H         LINE#         40
  C:008BH         LINE#         41
  C:008BH         LINE#         43
  C:008FH         LINE#         44
  C:0093H         LINE#         46
  C:0095H         LINE#         47
  C:0097H         LINE#         48
  C:0098H         LINE#         49
  C:0099H         LINE#         51
  C:009BH         LINE#         52
  C:009DH         LINE#         54
  C:00A1H         LINE#         55
  C:00A3H         LINE#         56
  C:00A5H         LINE#         57
  C:00A6H         LINE#         58
  C:00A7H         LINE#         59
  C:00A9H         LINE#         60
  C:00ABH         LINE#         61
  -------         ENDPROC       _SEND_BIT
  -------         PROC          MAIN
  -------         DO            
BL51 BANKED LINKER/LOCATER V6.00                                                      02/11/2012  23:28:46  PAGE 3


  D:0008H         SYMBOL        p
  D:0009H         SYMBOL        j
  -------         ENDDO         
  C:0003H         LINE#         65
  C:0003H         LINE#         66
  C:0003H         LINE#         67
  C:0006H         LINE#         69
  C:0006H         LINE#         70
  C:0006H         LINE#         79
  C:002AH         LINE#         90
  C:002DH         LINE#         91
  C:0065H         LINE#         93
  C:0067H         LINE#         94
  C:0070H         LINE#         95
  C:0073H         LINE#         96
  -------         ENDPROC       MAIN
  -------         ENDMOD        TEST

  -------         MODULE        ?C?SLCMP
  C:00C7H         PUBLIC        ?C?SLCMP
  -------         ENDMOD        ?C?SLCMP

Program Size: data=14.0 xdata=0 code=233
LINK/LOCATE RUN COMPLETE.  0 WARNING(S),  0 ERROR(S)
